Archive member included to satisfy reference by file (symbol)

c:/ac6/systemworkbench/plugins/fr.ac6.mcu.externaltools.arm-none.win32_1.15.0.201708311556/tools/compiler/bin/../lib/gcc/arm-none-eabi/6.3.1/../../../../arm-none-eabi/lib/thumb/v7e-m/fpv4-sp/hard\libc_nano.a(lib_a-exit.o)
                              c:/ac6/systemworkbench/plugins/fr.ac6.mcu.externaltools.arm-none.win32_1.15.0.201708311556/tools/compiler/bin/../lib/gcc/arm-none-eabi/6.3.1/../../../../arm-none-eabi/lib/thumb/v7e-m/fpv4-sp/hard/crt0.o (exit)
c:/ac6/systemworkbench/plugins/fr.ac6.mcu.externaltools.arm-none.win32_1.15.0.201708311556/tools/compiler/bin/../lib/gcc/arm-none-eabi/6.3.1/../../../../arm-none-eabi/lib/thumb/v7e-m/fpv4-sp/hard\libc_nano.a(lib_a-impure.o)
                              c:/ac6/systemworkbench/plugins/fr.ac6.mcu.externaltools.arm-none.win32_1.15.0.201708311556/tools/compiler/bin/../lib/gcc/arm-none-eabi/6.3.1/../../../../arm-none-eabi/lib/thumb/v7e-m/fpv4-sp/hard\libc_nano.a(lib_a-exit.o) (_global_impure_ptr)
c:/ac6/systemworkbench/plugins/fr.ac6.mcu.externaltools.arm-none.win32_1.15.0.201708311556/tools/compiler/bin/../lib/gcc/arm-none-eabi/6.3.1/../../../../arm-none-eabi/lib/thumb/v7e-m/fpv4-sp/hard\libc_nano.a(lib_a-init.o)
                              c:/ac6/systemworkbench/plugins/fr.ac6.mcu.externaltools.arm-none.win32_1.15.0.201708311556/tools/compiler/bin/../lib/gcc/arm-none-eabi/6.3.1/../../../../arm-none-eabi/lib/thumb/v7e-m/fpv4-sp/hard/crt0.o (__libc_init_array)
c:/ac6/systemworkbench/plugins/fr.ac6.mcu.externaltools.arm-none.win32_1.15.0.201708311556/tools/compiler/bin/../lib/gcc/arm-none-eabi/6.3.1/../../../../arm-none-eabi/lib/thumb/v7e-m/fpv4-sp/hard\libc_nano.a(lib_a-memcmp.o)
                              Src/SEGGER/FreeRTOSV9/SEGGER_SYSVIEW_FreeRTOS.o (memcmp)
c:/ac6/systemworkbench/plugins/fr.ac6.mcu.externaltools.arm-none.win32_1.15.0.201708311556/tools/compiler/bin/../lib/gcc/arm-none-eabi/6.3.1/../../../../arm-none-eabi/lib/thumb/v7e-m/fpv4-sp/hard\libc_nano.a(lib_a-memcpy-stub.o)
                              Middlewares/Third_Party/FreeRTOS/Source/queue.o (memcpy)
c:/ac6/systemworkbench/plugins/fr.ac6.mcu.externaltools.arm-none.win32_1.15.0.201708311556/tools/compiler/bin/../lib/gcc/arm-none-eabi/6.3.1/../../../../arm-none-eabi/lib/thumb/v7e-m/fpv4-sp/hard\libc_nano.a(lib_a-memset.o)
                              c:/ac6/systemworkbench/plugins/fr.ac6.mcu.externaltools.arm-none.win32_1.15.0.201708311556/tools/compiler/bin/../lib/gcc/arm-none-eabi/6.3.1/../../../../arm-none-eabi/lib/thumb/v7e-m/fpv4-sp/hard/crt0.o (memset)
c:/ac6/systemworkbench/plugins/fr.ac6.mcu.externaltools.arm-none.win32_1.15.0.201708311556/tools/compiler/bin/../lib/gcc/arm-none-eabi/6.3.1/../../../../arm-none-eabi/lib/thumb/v7e-m/fpv4-sp/hard\libc_nano.a(lib_a-strlen.o)
                              Src/SEGGER/SEGGER_RTT.o (strlen)
c:/ac6/systemworkbench/plugins/fr.ac6.mcu.externaltools.arm-none.win32_1.15.0.201708311556/tools/compiler/bin/../lib/gcc/arm-none-eabi/6.3.1/../../../../arm-none-eabi/lib/thumb/v7e-m/fpv4-sp/hard\libnosys.a(_exit.o)
                              c:/ac6/systemworkbench/plugins/fr.ac6.mcu.externaltools.arm-none.win32_1.15.0.201708311556/tools/compiler/bin/../lib/gcc/arm-none-eabi/6.3.1/../../../../arm-none-eabi/lib/thumb/v7e-m/fpv4-sp/hard\libc_nano.a(lib_a-exit.o) (_exit)

Allocating common symbols
Common symbol       size              file

defaultTaskHandle   0x4               Src/main.o
uwTick              0x4               Drivers/STM32L4xx_HAL_Driver/Src/stm32l4xx_hal.o
xQueueRegistry      0x40              Middlewares/Third_Party/FreeRTOS/Source/queue.o
pFlash              0x20              Drivers/STM32L4xx_HAL_Driver/Src/stm32l4xx_hal_flash.o
ledControlTaskHandle
                    0x4               Src/main.o
htim1               0x40              Src/stm32l4xx_hal_timebase_TIM.o
_SEGGER_RTT         0xa8              Src/SEGGER/SEGGER_RTT.o

Discarded input sections

 .text          0x00000000        0x0 c:/ac6/systemworkbench/plugins/fr.ac6.mcu.externaltools.arm-none.win32_1.15.0.201708311556/tools/compiler/bin/../lib/gcc/arm-none-eabi/6.3.1/thumb/v7e-m/fpv4-sp/hard/crti.o
 .data          0x00000000        0x0 c:/ac6/systemworkbench/plugins/fr.ac6.mcu.externaltools.arm-none.win32_1.15.0.201708311556/tools/compiler/bin/../lib/gcc/arm-none-eabi/6.3.1/thumb/v7e-m/fpv4-sp/hard/crti.o
 .bss           0x00000000        0x0 c:/ac6/systemworkbench/plugins/fr.ac6.mcu.externaltools.arm-none.win32_1.15.0.201708311556/tools/compiler/bin/../lib/gcc/arm-none-eabi/6.3.1/thumb/v7e-m/fpv4-sp/hard/crti.o
 .data          0x00000000        0x4 c:/ac6/systemworkbench/plugins/fr.ac6.mcu.externaltools.arm-none.win32_1.15.0.201708311556/tools/compiler/bin/../lib/gcc/arm-none-eabi/6.3.1/thumb/v7e-m/fpv4-sp/hard/crtbegin.o
[...]
Memory Configuration

Name             Origin             Length             Attributes
RAM              0x20000000         0x00018000         xrw
RAM2             0x10000000         0x00008000         xrw
FLASH            0x08000000         0x00040000         xr
*default*        0x00000000         0xffffffff

Linker script and memory map

LOAD c:/ac6/systemworkbench/plugins/fr.ac6.mcu.externaltools.arm-none.win32_1.15.0.201708311556/tools/compiler/bin/../lib/gcc/arm-none-eabi/6.3.1/thumb/v7e-m/fpv4-sp/hard/crti.o
LOAD c:/ac6/systemworkbench/plugins/fr.ac6.mcu.externaltools.arm-none.win32_1.15.0.201708311556/tools/compiler/bin/../lib/gcc/arm-none-eabi/6.3.1/thumb/v7e-m/fpv4-sp/hard/crtbegin.o
LOAD c:/ac6/systemworkbench/plugins/fr.ac6.mcu.externaltools.arm-none.win32_1.15.0.201708311556/tools/compiler/bin/../lib/gcc/arm-none-eabi/6.3.1/../../../../arm-none-eabi/lib/thumb/v7e-m/fpv4-sp/hard/crt0.o
LOAD Drivers/STM32L4xx_HAL_Driver/Src/stm32l4xx_hal.o
LOAD Drivers/STM32L4xx_HAL_Driver/Src/stm32l4xx_hal_cortex.o
LOAD Drivers/STM32L4xx_HAL_Driver/Src/stm32l4xx_hal_dma.o
LOAD Drivers/STM32L4xx_HAL_Driver/Src/stm32l4xx_hal_dma_ex.o
LOAD Drivers/STM32L4xx_HAL_Driver/Src/stm32l4xx_hal_flash.o
LOAD Drivers/STM32L4xx_HAL_Driver/Src/stm32l4xx_hal_flash_ex.o
LOAD Drivers/STM32L4xx_HAL_Driver/Src/stm32l4xx_hal_flash_ramfunc.o
LOAD Drivers/STM32L4xx_HAL_Driver/Src/stm32l4xx_hal_gpio.o
LOAD Drivers/STM32L4xx_HAL_Driver/Src/stm32l4xx_hal_i2c.o
LOAD Drivers/STM32L4xx_HAL_Driver/Src/stm32l4xx_hal_i2c_ex.o
LOAD Drivers/STM32L4xx_HAL_Driver/Src/stm32l4xx_hal_pwr.o
LOAD Drivers/STM32L4xx_HAL_Driver/Src/stm32l4xx_hal_pwr_ex.o
LOAD Drivers/STM32L4xx_HAL_Driver/Src/stm32l4xx_hal_rcc.o
LOAD Drivers/STM32L4xx_HAL_Driver/Src/stm32l4xx_hal_rcc_ex.o
LOAD Drivers/STM32L4xx_HAL_Driver/Src/stm32l4xx_hal_tim.o
LOAD Drivers/STM32L4xx_HAL_Driver/Src/stm32l4xx_hal_tim_ex.o
LOAD Middlewares/Third_Party/FreeRTOS/Source/CMSIS_RTOS/cmsis_os.o
LOAD Middlewares/Third_Party/FreeRTOS/Source/croutine.o
LOAD Middlewares/Third_Party/FreeRTOS/Source/event_groups.o
LOAD Middlewares/Third_Party/FreeRTOS/Source/list.o
LOAD Middlewares/Third_Party/FreeRTOS/Source/queue.o
LOAD Middlewares/Third_Party/FreeRTOS/Source/tasks.o
LOAD Middlewares/Third_Party/FreeRTOS/Source/timers.o
LOAD Middlewares/Third_Party/FreeRTOS/Source/portable/GCC/ARM_CM4F/port.o
LOAD Middlewares/Third_Party/FreeRTOS/Source/portable/MemMang/heap_4.o
LOAD Src/SEGGER/FreeRTOSV9/Config/SEGGER_SYSVIEW_Config_FreeRTOS.o
LOAD Src/SEGGER/FreeRTOSV9/SEGGER_SYSVIEW_FreeRTOS.o
LOAD Src/SEGGER/SEGGER_RTT.o
LOAD Src/SEGGER/SEGGER_SYSVIEW.o
LOAD Src/freertos.o
LOAD Src/main.o
LOAD Src/stm32l4xx_hal_msp.o
LOAD Src/stm32l4xx_hal_timebase_TIM.o
LOAD Src/stm32l4xx_it.o
LOAD Src/system_stm32l4xx.o
LOAD startup/startup_stm32l476xx.o
LOAD c:/ac6/systemworkbench/plugins/fr.ac6.mcu.externaltools.arm-none.win32_1.15.0.201708311556/tools/compiler/bin/../lib/gcc/arm-none-eabi/6.3.1/../../../../arm-none-eabi/lib/thumb/v7e-m/fpv4-sp/hard\libm.a
START GROUP
LOAD c:/ac6/systemworkbench/plugins/fr.ac6.mcu.externaltools.arm-none.win32_1.15.0.201708311556/tools/compiler/bin/../lib/gcc/arm-none-eabi/6.3.1/thumb/v7e-m/fpv4-sp/hard\libgcc.a
LOAD c:/ac6/systemworkbench/plugins/fr.ac6.mcu.externaltools.arm-none.win32_1.15.0.201708311556/tools/compiler/bin/../lib/gcc/arm-none-eabi/6.3.1/../../../../arm-none-eabi/lib/thumb/v7e-m/fpv4-sp/hard\libc_nano.a
END GROUP
START GROUP
LOAD c:/ac6/systemworkbench/plugins/fr.ac6.mcu.externaltools.arm-none.win32_1.15.0.201708311556/tools/compiler/bin/../lib/gcc/arm-none-eabi/6.3.1/thumb/v7e-m/fpv4-sp/hard\libgcc.a
LOAD c:/ac6/systemworkbench/plugins/fr.ac6.mcu.externaltools.arm-none.win32_1.15.0.201708311556/tools/compiler/bin/../lib/gcc/arm-none-eabi/6.3.1/../../../../arm-none-eabi/lib/thumb/v7e-m/fpv4-sp/hard\libc_nano.a
LOAD c:/ac6/systemworkbench/plugins/fr.ac6.mcu.externaltools.arm-none.win32_1.15.0.201708311556/tools/compiler/bin/../lib/gcc/arm-none-eabi/6.3.1/../../../../arm-none-eabi/lib/thumb/v7e-m/fpv4-sp/hard\libnosys.a
END GROUP
START GROUP
LOAD c:/ac6/systemworkbench/plugins/fr.ac6.mcu.externaltools.arm-none.win32_1.15.0.201708311556/tools/compiler/bin/../lib/gcc/arm-none-eabi/6.3.1/thumb/v7e-m/fpv4-sp/hard\libgcc.a
LOAD c:/ac6/systemworkbench/plugins/fr.ac6.mcu.externaltools.arm-none.win32_1.15.0.201708311556/tools/compiler/bin/../lib/gcc/arm-none-eabi/6.3.1/../../../../arm-none-eabi/lib/thumb/v7e-m/fpv4-sp/hard\libc_nano.a
LOAD c:/ac6/systemworkbench/plugins/fr.ac6.mcu.externaltools.arm-none.win32_1.15.0.201708311556/tools/compiler/bin/../lib/gcc/arm-none-eabi/6.3.1/../../../../arm-none-eabi/lib/thumb/v7e-m/fpv4-sp/hard\libnosys.a
END GROUP
LOAD c:/ac6/systemworkbench/plugins/fr.ac6.mcu.externaltools.arm-none.win32_1.15.0.201708311556/tools/compiler/bin/../lib/gcc/arm-none-eabi/6.3.1/thumb/v7e-m/fpv4-sp/hard/crtend.o
LOAD c:/ac6/systemworkbench/plugins/fr.ac6.mcu.externaltools.arm-none.win32_1.15.0.201708311556/tools/compiler/bin/../lib/gcc/arm-none-eabi/6.3.1/thumb/v7e-m/fpv4-sp/hard/crtn.o
                0x20018000                _estack = 0x20018000
                0x00000200                _Min_Heap_Size = 0x200
                0x00000400                _Min_Stack_Size = 0x400

.isr_vector     0x08000000      0x188
                0x08000000                . = ALIGN (0x8)
 *(.isr_vector)
 .isr_vector    0x08000000      0x188 startup/startup_stm32l476xx.o
                0x08000000                g_pfnVectors
                0x08000188                . = ALIGN (0x8)

.text           0x08000190     0x4370
                0x08000190                . = ALIGN (0x8)
 *(.text)
 .text          0x08000190       0x6c c:/ac6/systemworkbench/plugins/fr.ac6.mcu.externaltools.arm-none.win32_1.15.0.201708311556/tools/compiler/bin/../lib/gcc/arm-none-eabi/6.3.1/thumb/v7e-m/fpv4-sp/hard/crtbegin.o
 *(.text*)
 .text.HAL_Init
                0x080001fc       0x1a Drivers/STM32L4xx_HAL_Driver/Src/stm32l4xx_hal.o
                0x080001fc                HAL_Init
 *fill*         0x08000216        0x2 
 .text.HAL_IncTick
                0x08000218       0x1c Drivers/STM32L4xx_HAL_Driver/Src/stm32l4xx_hal.o
                0x08000218                HAL_IncTick
 .text.HAL_GetTick
                0x08000234       0x18 Drivers/STM32L4xx_HAL_Driver/Src/stm32l4xx_hal.o
                0x08000234                HAL_GetTick
 .text.NVIC_SetPriorityGrouping
                0x0800024c       0x48 Drivers/STM32L4xx_HAL_Driver/Src/stm32l4xx_hal_cortex.o
 .text.NVIC_GetPriorityGrouping
                0x08000294       0x1c Drivers/STM32L4xx_HAL_Driver/Src/stm32l4xx_hal_cortex.o
 .text.NVIC_EnableIRQ
                0x080002b0       0x34 Drivers/STM32L4xx_HAL_Driver/Src/stm32l4xx_hal_cortex.o
 .text.NVIC_SetPriority
                0x080002e4       0x54 Drivers/STM32L4xx_HAL_Driver/Src/stm32l4xx_hal_cortex.o
 .text.NVIC_EncodePriority
                0x08000338       0x62 Drivers/STM32L4xx_HAL_Driver/Src/stm32l4xx_hal_cortex.o
 *fill*         0x0800039a        0x2 
 .text.SysTick_Config
                0x0800039c       0x44 Drivers/STM32L4xx_HAL_Driver/Src/stm32l4xx_hal_cortex.o
 .text.HAL_NVIC_SetPriorityGrouping
                0x080003e0       0x16 Drivers/STM32L4xx_HAL_Driver/Src/stm32l4xx_hal_cortex.o
                0x080003e0                HAL_NVIC_SetPriorityGrouping
 .text.HAL_NVIC_SetPriority
                0x080003f6       0x38 Drivers/STM32L4xx_HAL_Driver/Src/stm32l4xx_hal_cortex.o
                0x080003f6                HAL_NVIC_SetPriority
 .text.HAL_NVIC_EnableIRQ
                0x0800042e       0x1c Drivers/STM32L4xx_HAL_Driver/Src/stm32l4xx_hal_cortex.o
                0x0800042e                HAL_NVIC_EnableIRQ
 .text.HAL_SYSTICK_Config
                0x0800044a       0x18 Drivers/STM32L4xx_HAL_Driver/Src/stm32l4xx_hal_cortex.o
                0x0800044a                HAL_SYSTICK_Config
 *fill*         0x08000462        0x2 
 .text.HAL_SYSTICK_CLKSourceConfig
                0x08000464       0x38 Drivers/STM32L4xx_HAL_Driver/Src/stm32l4xx_hal_cortex.o
                0x08000464                HAL_SYSTICK_CLKSourceConfig
 .text.HAL_GPIO_Init
                0x0800049c      0x358 Drivers/STM32L4xx_HAL_Driver/Src/stm32l4xx_hal_gpio.o
                0x0800049c                HAL_GPIO_Init
 .text.HAL_GPIO_WritePin
                0x080007f4       0x30 Drivers/STM32L4xx_HAL_Driver/Src/stm32l4xx_hal_gpio.o
                0x080007f4                HAL_GPIO_WritePin
 .text.HAL_GPIO_TogglePin
                0x08000824       0x24 Drivers/STM32L4xx_HAL_Driver/Src/stm32l4xx_hal_gpio.o
                0x08000824                HAL_GPIO_TogglePin
 .text.HAL_PWREx_GetVoltageRange
                0x08000848       0x1c Drivers/STM32L4xx_HAL_Driver/Src/stm32l4xx_hal_pwr_ex.o
                0x08000848                HAL_PWREx_GetVoltageRange
 .text.HAL_PWREx_ControlVoltageScaling
                0x08000864       0xac Drivers/STM32L4xx_HAL_Driver/Src/stm32l4xx_hal_pwr_ex.o
                0x08000864                HAL_PWREx_ControlVoltageScaling
 .text.HAL_RCC_OscConfig
                0x08000910      0x6c4 Drivers/STM32L4xx_HAL_Driver/Src/stm32l4xx_hal_rcc.o
                0x08000910                HAL_RCC_OscConfig
 .text.HAL_RCC_ClockConfig
                0x08000fd4      0x230 Drivers/STM32L4xx_HAL_Driver/Src/stm32l4xx_hal_rcc.o
                0x08000fd4                HAL_RCC_ClockConfig
 .text.HAL_RCC_GetSysClockFreq
                0x08001204      0x15c Drivers/STM32L4xx_HAL_Driver/Src/stm32l4xx_hal_rcc.o
                0x08001204                HAL_RCC_GetSysClockFreq
 .text.HAL_RCC_GetHCLKFreq
                0x08001360       0x18 Drivers/STM32L4xx_HAL_Driver/Src/stm32l4xx_hal_rcc.o
                0x08001360                HAL_RCC_GetHCLKFreq
 .text.HAL_RCC_GetPCLK2Freq
                0x08001378       0x28 Drivers/STM32L4xx_HAL_Driver/Src/stm32l4xx_hal_rcc.o
                0x08001378                HAL_RCC_GetPCLK2Freq
 .text.HAL_RCC_GetClockConfig
                0x080013a0       0x64 Drivers/STM32L4xx_HAL_Driver/Src/stm32l4xx_hal_rcc.o
                0x080013a0                HAL_RCC_GetClockConfig
 .text.RCC_SetFlashLatencyFromMSIRange
                0x08001404       0xc4 Drivers/STM32L4xx_HAL_Driver/Src/stm32l4xx_hal_rcc.o
 .text.HAL_TIM_Base_Init
                0x080014c8       0x56 Drivers/STM32L4xx_HAL_Driver/Src/stm32l4xx_hal_tim.o
                0x080014c8                HAL_TIM_Base_Init
 .text.HAL_TIM_Base_MspInit
                0x0800151e       0x14 Drivers/STM32L4xx_HAL_Driver/Src/stm32l4xx_hal_tim.o
                0x0800151e                HAL_TIM_Base_MspInit
 .text.HAL_TIM_Base_Start_IT
                0x08001532       0x36 Drivers/STM32L4xx_HAL_Driver/Src/stm32l4xx_hal_tim.o
                0x08001532                HAL_TIM_Base_Start_IT
 .text.HAL_TIM_IRQHandler
                0x08001568      0x210 Drivers/STM32L4xx_HAL_Driver/Src/stm32l4xx_hal_tim.o
                0x08001568                HAL_TIM_IRQHandler
 .text.HAL_TIM_OC_DelayElapsedCallback
                0x08001778       0x14 Drivers/STM32L4xx_HAL_Driver/Src/stm32l4xx_hal_tim.o
                0x08001778                HAL_TIM_OC_DelayElapsedCallback
 .text.HAL_TIM_IC_CaptureCallback
                0x0800178c       0x14 Drivers/STM32L4xx_HAL_Driver/Src/stm32l4xx_hal_tim.o
                0x0800178c                HAL_TIM_IC_CaptureCallback
 .text.HAL_TIM_PWM_PulseFinishedCallback
                0x080017a0       0x14 Drivers/STM32L4xx_HAL_Driver/Src/stm32l4xx_hal_tim.o
                0x080017a0                HAL_TIM_PWM_PulseFinishedCallback
 .text.HAL_TIM_TriggerCallback
                0x080017b4       0x14 Drivers/STM32L4xx_HAL_Driver/Src/stm32l4xx_hal_tim.o
                0x080017b4                HAL_TIM_TriggerCallback
 .text.TIM_Base_SetConfig
                0x080017c8      0x13c Drivers/STM32L4xx_HAL_Driver/Src/stm32l4xx_hal_tim.o
                0x080017c8                TIM_Base_SetConfig
 .text.HAL_TIMEx_CommutationCallback
                0x08001904       0x14 Drivers/STM32L4xx_HAL_Driver/Src/stm32l4xx_hal_tim_ex.o
                0x08001904                HAL_TIMEx_CommutationCallback
 .text.HAL_TIMEx_BreakCallback
                0x08001918       0x14 Drivers/STM32L4xx_HAL_Driver/Src/stm32l4xx_hal_tim_ex.o
                0x08001918                HAL_TIMEx_BreakCallback
 .text.makeFreeRtosPriority
                0x0800192c       0x30 Middlewares/Third_Party/FreeRTOS/Source/CMSIS_RTOS/cmsis_os.o
 .text.osKernelStart
                0x0800195c        0xe Middlewares/Third_Party/FreeRTOS/Source/CMSIS_RTOS/cmsis_os.o
                0x0800195c                osKernelStart
 .text.osThreadCreate
                0x0800196a       0x4e Middlewares/Third_Party/FreeRTOS/Source/CMSIS_RTOS/cmsis_os.o
                0x0800196a                osThreadCreate
 .text.osDelay  0x080019b8       0x28 Middlewares/Third_Party/FreeRTOS/Source/CMSIS_RTOS/cmsis_os.o
                0x080019b8                osDelay
 .text.osSystickHandler
                0x080019e0       0x16 Middlewares/Third_Party/FreeRTOS/Source/CMSIS_RTOS/cmsis_os.o
                0x080019e0                osSystickHandler
 .text.vListInitialise
                0x080019f6       0x40 Middlewares/Third_Party/FreeRTOS/Source/list.o
                0x080019f6                vListInitialise
 .text.vListInitialiseItem
                0x08001a36       0x1a Middlewares/Third_Party/FreeRTOS/Source/list.o
                0x08001a36                vListInitialiseItem
 .text.vListInsertEnd
                0x08001a50       0x48 Middlewares/Third_Party/FreeRTOS/Source/list.o
                0x08001a50                vListInsertEnd
 .text.vListInsert
                0x08001a98       0x72 Middlewares/Third_Party/FreeRTOS/Source/list.o
                0x08001a98                vListInsert
 .text.uxListRemove
                0x08001b0a       0x54 Middlewares/Third_Party/FreeRTOS/Source/list.o
                0x08001b0a                uxListRemove
 .text.xTaskCreate
                0x08001b5e       0x82 Middlewares/Third_Party/FreeRTOS/Source/tasks.o
                0x08001b5e                xTaskCreate
 .text.prvInitialiseNewTask
                0x08001be0      0x10c Middlewares/Third_Party/FreeRTOS/Source/tasks.o
 .text.prvAddNewTaskToReadyList
                0x08001cec       0xdc Middlewares/Third_Party/FreeRTOS/Source/tasks.o
 .text.vTaskDelay
                0x08001dc8       0x68 Middlewares/Third_Party/FreeRTOS/Source/tasks.o
                0x08001dc8                vTaskDelay
 .text.vTaskStartScheduler
                0x08001e30       0x8c Middlewares/Third_Party/FreeRTOS/Source/tasks.o
                0x08001e30                vTaskStartScheduler
 .text.vTaskSuspendAll
                0x08001ebc       0x1c Middlewares/Third_Party/FreeRTOS/Source/tasks.o
                0x08001ebc                vTaskSuspendAll
 .text.xTaskResumeAll
                0x08001ed8      0x138 Middlewares/Third_Party/FreeRTOS/Source/tasks.o
                0x08001ed8                xTaskResumeAll
 .text.xTaskGetTickCountFromISR
                0x08002010       0x24 Middlewares/Third_Party/FreeRTOS/Source/tasks.o
                0x08002010                xTaskGetTickCountFromISR
 .text.xTaskIncrementTick
                0x08002034      0x178 Middlewares/Third_Party/FreeRTOS/Source/tasks.o
                0x08002034                xTaskIncrementTick
 .text.vTaskSwitchContext
                0x080021ac       0xb4 Middlewares/Third_Party/FreeRTOS/Source/tasks.o
                0x080021ac                vTaskSwitchContext
 .text.prvIdleTask
                0x08002260       0x30 Middlewares/Third_Party/FreeRTOS/Source/tasks.o
 .text.prvInitialiseTaskLists
                0x08002290       0x80 Middlewares/Third_Party/FreeRTOS/Source/tasks.o
 .text.prvCheckTasksWaitingTermination
                0x08002310       0x78 Middlewares/Third_Party/FreeRTOS/Source/tasks.o
 .text.prvDeleteTCB
                0x08002388       0x20 Middlewares/Third_Party/FreeRTOS/Source/tasks.o
 .text.prvResetNextTaskUnblockTime
                0x080023a8       0x4c Middlewares/Third_Party/FreeRTOS/Source/tasks.o
 .text.xTaskGetSchedulerState
                0x080023f4       0x3c Middlewares/Third_Party/FreeRTOS/Source/tasks.o
                0x080023f4                xTaskGetSchedulerState
 .text.prvAddCurrentTaskToDelayedList
                0x08002430       0xcc Middlewares/Third_Party/FreeRTOS/Source/tasks.o
 .text.pxPortInitialiseStack
                0x080024fc       0x68 Middlewares/Third_Party/FreeRTOS/Source/portable/GCC/ARM_CM4F/port.o
                0x080024fc                pxPortInitialiseStack
 .text.prvTaskExitError
                0x08002564       0x3c Middlewares/Third_Party/FreeRTOS/Source/portable/GCC/ARM_CM4F/port.o
 .text.SVC_Handler
                0x080025a0       0x28 Middlewares/Third_Party/FreeRTOS/Source/portable/GCC/ARM_CM4F/port.o
                0x080025a0                SVC_Handler
 .text.prvPortStartFirstTask
                0x080025c8       0x20 Middlewares/Third_Party/FreeRTOS/Source/portable/GCC/ARM_CM4F/port.o
 .text.xPortStartScheduler
                0x080025e8      0x118 Middlewares/Third_Party/FreeRTOS/Source/portable/GCC/ARM_CM4F/port.o
                0x080025e8                xPortStartScheduler
 .text.vPortEnterCritical
                0x08002700       0x5c Middlewares/Third_Party/FreeRTOS/Source/portable/GCC/ARM_CM4F/port.o
                0x08002700                vPortEnterCritical
 .text.vPortExitCritical
                0x0800275c       0x50 Middlewares/Third_Party/FreeRTOS/Source/portable/GCC/ARM_CM4F/port.o
                0x0800275c                vPortExitCritical
 *fill*         0x080027ac        0x4 
 .text.PendSV_Handler
                0x080027b0       0x68 Middlewares/Third_Party/FreeRTOS/Source/portable/GCC/ARM_CM4F/port.o
                0x080027b0                PendSV_Handler
 .text.xPortSysTickHandler
                0x08002818       0x40 Middlewares/Third_Party/FreeRTOS/Source/portable/GCC/ARM_CM4F/port.o
                0x08002818                xPortSysTickHandler
 .text.vPortSetupTimerInterrupt
                0x08002858       0x38 Middlewares/Third_Party/FreeRTOS/Source/portable/GCC/ARM_CM4F/port.o
                0x08002858                vPortSetupTimerInterrupt
 .text.vPortEnableVFP
                0x08002890       0x14 Middlewares/Third_Party/FreeRTOS/Source/portable/GCC/ARM_CM4F/port.o
 .text.vPortValidateInterruptPriority
                0x080028a4       0x7c Middlewares/Third_Party/FreeRTOS/Source/portable/GCC/ARM_CM4F/port.o
                0x080028a4                vPortValidateInterruptPriority
 .text.pvPortMalloc
                0x08002920      0x184 Middlewares/Third_Party/FreeRTOS/Source/portable/MemMang/heap_4.o
                0x08002920                pvPortMalloc
 .text.vPortFree
                0x08002aa4       0xb0 Middlewares/Third_Party/FreeRTOS/Source/portable/MemMang/heap_4.o
                0x08002aa4                vPortFree
 .text.prvHeapInit
                0x08002b54       0xc4 Middlewares/Third_Party/FreeRTOS/Source/portable/MemMang/heap_4.o
 .text.prvInsertBlockIntoFreeList
                0x08002c18       0xb4 Middlewares/Third_Party/FreeRTOS/Source/portable/MemMang/heap_4.o
 .text._cbSendSystemDesc
                0x08002ccc       0x1c Src/SEGGER/FreeRTOSV9/Config/SEGGER_SYSVIEW_Config_FreeRTOS.o
 .text.SEGGER_SYSVIEW_Conf
                0x08002ce8       0x2c Src/SEGGER/FreeRTOSV9/Config/SEGGER_SYSVIEW_Config_FreeRTOS.o
                0x08002ce8                SEGGER_SYSVIEW_Conf
 .text._cbSendTaskList
                0x08002d14       0x90 Src/SEGGER/FreeRTOSV9/SEGGER_SYSVIEW_FreeRTOS.o
 .text._cbGetTime
                0x08002da4       0x6a Src/SEGGER/FreeRTOSV9/SEGGER_SYSVIEW_FreeRTOS.o
 .text.SYSVIEW_SendTaskInfo
                0x08002e0e       0x42 Src/SEGGER/FreeRTOSV9/SEGGER_SYSVIEW_FreeRTOS.o
                0x08002e0e                SYSVIEW_SendTaskInfo
 .text._DoInit  0x08002e50       0xa4 Src/SEGGER/SEGGER_RTT.o
 .text.SEGGER_RTT_ReadNoLock
                0x08002ef4      0x104 Src/SEGGER/SEGGER_RTT.o
                0x08002ef4                SEGGER_RTT_ReadNoLock
 .text.SEGGER_RTT_WriteSkipNoLock
                0x08002ff8      0x120 Src/SEGGER/SEGGER_RTT.o
                0x08002ff8                SEGGER_RTT_WriteSkipNoLock
 .text.SEGGER_RTT_ConfigUpBuffer
                0x08003118       0xd4 Src/SEGGER/SEGGER_RTT.o
                0x08003118                SEGGER_RTT_ConfigUpBuffer
 .text.SEGGER_RTT_ConfigDownBuffer
                0x080031ec       0xd4 Src/SEGGER/SEGGER_RTT.o
                0x080031ec                SEGGER_RTT_ConfigDownBuffer
 .text._EncodeStr
                0x080032c0       0x9a Src/SEGGER/SEGGER_SYSVIEW.o
 .text._PreparePacket
                0x0800335a       0x18 Src/SEGGER/SEGGER_SYSVIEW.o
 .text._HandleIncomingPacket
                0x08003372       0xb4 Src/SEGGER/SEGGER_SYSVIEW.o
 *fill*         0x08003426        0x2 
 .text._TrySendOverflowPacket
                0x08003428       0xe0 Src/SEGGER/SEGGER_SYSVIEW.o
 .text._SendPacket
                0x08003508      0x1a4 Src/SEGGER/SEGGER_SYSVIEW.o
 .text.SEGGER_SYSVIEW_Init
                0x080036ac       0x7c Src/SEGGER/SEGGER_SYSVIEW.o
                0x080036ac                SEGGER_SYSVIEW_Init
 .text.SEGGER_SYSVIEW_SetRAMBase
                0x08003728       0x20 Src/SEGGER/SEGGER_SYSVIEW.o
                0x08003728                SEGGER_SYSVIEW_SetRAMBase
 .text.SEGGER_SYSVIEW_RecordVoid
                0x08003748       0x3c Src/SEGGER/SEGGER_SYSVIEW.o
                0x08003748                SEGGER_SYSVIEW_RecordVoid
 .text.SEGGER_SYSVIEW_RecordU32
                0x08003784       0x78 Src/SEGGER/SEGGER_SYSVIEW.o
                0x08003784                SEGGER_SYSVIEW_RecordU32
 .text.SEGGER_SYSVIEW_RecordU32x2
                0x080037fc       0xb4 Src/SEGGER/SEGGER_SYSVIEW.o
                0x080037fc                SEGGER_SYSVIEW_RecordU32x2
 .text.SEGGER_SYSVIEW_Start
                0x080038b0      0x178 Src/SEGGER/SEGGER_SYSVIEW.o
                0x080038b0                SEGGER_SYSVIEW_Start
 .text.SEGGER_SYSVIEW_Stop
                0x08003a28       0x4c Src/SEGGER/SEGGER_SYSVIEW.o
                0x08003a28                SEGGER_SYSVIEW_Stop
 .text.SEGGER_SYSVIEW_GetSysDesc
                0x08003a74      0x134 Src/SEGGER/SEGGER_SYSVIEW.o
                0x08003a74                SEGGER_SYSVIEW_GetSysDesc
 .text.SEGGER_SYSVIEW_SendTaskInfo
                0x08003ba8      0x1cc Src/SEGGER/SEGGER_SYSVIEW.o
                0x08003ba8                SEGGER_SYSVIEW_SendTaskInfo
 .text.SEGGER_SYSVIEW_SendTaskList
                0x08003d74       0x28 Src/SEGGER/SEGGER_SYSVIEW.o
                0x08003d74                SEGGER_SYSVIEW_SendTaskList
 .text.SEGGER_SYSVIEW_SendSysDesc
                0x08003d9c       0x48 Src/SEGGER/SEGGER_SYSVIEW.o
                0x08003d9c                SEGGER_SYSVIEW_SendSysDesc
 .text.SEGGER_SYSVIEW_RecordSystime
                0x08003de4       0x58 Src/SEGGER/SEGGER_SYSVIEW.o
                0x08003de4                SEGGER_SYSVIEW_RecordSystime
 .text.SEGGER_SYSVIEW_SendModule
                0x08003e3c      0x100 Src/SEGGER/SEGGER_SYSVIEW.o
                0x08003e3c                SEGGER_SYSVIEW_SendModule
 .text.SEGGER_SYSVIEW_SendModuleDescription
                0x08003f3c       0x3c Src/SEGGER/SEGGER_SYSVIEW.o
                0x08003f3c                SEGGER_SYSVIEW_SendModuleDescription
 .text.SEGGER_SYSVIEW_SendNumModules
                0x08003f78       0x7c Src/SEGGER/SEGGER_SYSVIEW.o
                0x08003f78                SEGGER_SYSVIEW_SendNumModules
 .text.main     0x08003ff4       0x6c Src/main.o
                0x08003ff4                main
 .text.SystemClock_Config
                0x08004060       0xc0 Src/main.o
                0x08004060                SystemClock_Config
 .text.MX_GPIO_Init
                0x08004120       0x9c Src/main.o
 .text.StartDefaultTask
                0x080041bc       0x10 Src/main.o
                0x080041bc                StartDefaultTask
 .text.ledcontrol
                0x080041cc       0x20 Src/main.o
                0x080041cc                ledcontrol
 .text.HAL_TIM_PeriodElapsedCallback
                0x080041ec       0x24 Src/main.o
                0x080041ec                HAL_TIM_PeriodElapsedCallback
 .text._Error_Handler
                0x08004210        0xc Src/main.o
                0x08004210                _Error_Handler
 .text.HAL_MspInit
                0x0800421c       0x9c Src/stm32l4xx_hal_msp.o
                0x0800421c                HAL_MspInit
 .text.HAL_InitTick
                0x080042b8       0xac Src/stm32l4xx_hal_timebase_TIM.o
                0x080042b8                HAL_InitTick
 .text.NMI_Handler
                0x08004364        0xe Src/stm32l4xx_it.o
                0x08004364                NMI_Handler
 .text.HardFault_Handler
                0x08004372        0x6 Src/stm32l4xx_it.o
                0x08004372                HardFault_Handler
 .text.MemManage_Handler
                0x08004378        0x6 Src/stm32l4xx_it.o
                0x08004378                MemManage_Handler
 .text.BusFault_Handler
                0x0800437e        0x6 Src/stm32l4xx_it.o
                0x0800437e                BusFault_Handler
 .text.UsageFault_Handler
                0x08004384        0x6 Src/stm32l4xx_it.o
                0x08004384                UsageFault_Handler
 .text.DebugMon_Handler
                0x0800438a        0xe Src/stm32l4xx_it.o
                0x0800438a                DebugMon_Handler
 .text.SysTick_Handler
                0x08004398        0xc Src/stm32l4xx_it.o
                0x08004398                SysTick_Handler
 .text.TIM1_UP_TIM16_IRQHandler
                0x080043a4       0x14 Src/stm32l4xx_it.o
                0x080043a4                TIM1_UP_TIM16_IRQHandler
 .text.SystemInit
                0x080043b8       0x6c Src/system_stm32l4xx.o
                0x080043b8                SystemInit
 .text.Reset_Handler
                0x08004424       0x50 startup/startup_stm32l476xx.o
                0x08004424                Reset_Handler
 .text.Default_Handler
                0x08004474        0x2 startup/startup_stm32l476xx.o
                0x08004474                RTC_Alarm_IRQHandler
                0x08004474                EXTI2_IRQHandler
                0x08004474                TIM8_TRG_COM_IRQHandler
                0x08004474                TIM8_CC_IRQHandler
                0x08004474                TIM1_CC_IRQHandler
                0x08004474                TSC_IRQHandler
                0x08004474                TAMP_STAMP_IRQHandler
                0x08004474                EXTI3_IRQHandler
                0x08004474                LPTIM2_IRQHandler
                0x08004474                DFSDM1_FLT1_IRQHandler
                0x08004474                I2C3_ER_IRQHandler
                0x08004474                DFSDM1_FLT2_IRQHandler
                0x08004474                EXTI0_IRQHandler
                0x08004474                I2C2_EV_IRQHandler
                0x08004474                CAN1_RX0_IRQHandler
                0x08004474                FPU_IRQHandler
                0x08004474                ADC1_2_IRQHandler
                0x08004474                SPI1_IRQHandler
                0x08004474                TIM6_DAC_IRQHandler
                0x08004474                TIM8_UP_IRQHandler
                0x08004474                DMA2_Channel2_IRQHandler
                0x08004474                DMA1_Channel4_IRQHandler
                0x08004474                SAI2_IRQHandler
                0x08004474                DFSDM1_FLT3_IRQHandler
                0x08004474                USART3_IRQHandler
                0x08004474                DMA1_Channel7_IRQHandler
                0x08004474                CAN1_RX1_IRQHandler
                0x08004474                LCD_IRQHandler
                0x08004474                UART5_IRQHandler
                0x08004474                ADC3_IRQHandler
                0x08004474                TIM4_IRQHandler
                0x08004474                DMA2_Channel1_IRQHandler
                0x08004474                QUADSPI_IRQHandler
                0x08004474                I2C1_EV_IRQHandler
                0x08004474                DMA1_Channel6_IRQHandler
                0x08004474                UART4_IRQHandler
                0x08004474                DMA2_Channel4_IRQHandler
                0x08004474                TIM3_IRQHandler
                0x08004474                RCC_IRQHandler
                0x08004474                DMA1_Channel1_IRQHandler
                0x08004474                Default_Handler
                0x08004474                DMA2_Channel7_IRQHandler
                0x08004474                EXTI15_10_IRQHandler
                0x08004474                TIM7_IRQHandler
                0x08004474                SDMMC1_IRQHandler
                0x08004474                TIM5_IRQHandler
                0x08004474                I2C3_EV_IRQHandler
                0x08004474                EXTI9_5_IRQHandler
                0x08004474                RTC_WKUP_IRQHandler
                0x08004474                PVD_PVM_IRQHandler
                0x08004474                SPI2_IRQHandler
                0x08004474                CAN1_TX_IRQHandler
                0x08004474                DMA2_Channel5_IRQHandler
                0x08004474                DMA1_Channel5_IRQHandler
                0x08004474                EXTI4_IRQHandler
                0x08004474                RNG_IRQHandler
                0x08004474                TIM1_TRG_COM_TIM17_IRQHandler
                0x08004474                DMA1_Channel3_IRQHandler
                0x08004474                COMP_IRQHandler
                0x08004474                WWDG_IRQHandler
                0x08004474                LPUART1_IRQHandler
                0x08004474                DMA2_Channel6_IRQHandler
                0x08004474                TIM2_IRQHandler
                0x08004474                EXTI1_IRQHandler
                0x08004474                USART2_IRQHandler
                0x08004474                DFSDM1_FLT0_IRQHandler
                0x08004474                I2C2_ER_IRQHandler
                0x08004474                DMA1_Channel2_IRQHandler
                0x08004474                TIM8_BRK_IRQHandler
                0x08004474                CAN1_SCE_IRQHandler
                0x08004474                FLASH_IRQHandler
                0x08004474                USART1_IRQHandler
                0x08004474                OTG_FS_IRQHandler
                0x08004474                SPI3_IRQHandler
                0x08004474                I2C1_ER_IRQHandler
                0x08004474                FMC_IRQHandler
                0x08004474                SWPMI1_IRQHandler
                0x08004474                LPTIM1_IRQHandler
                0x08004474                SAI1_IRQHandler
                0x08004474                DMA2_Channel3_IRQHandler
                0x08004474                TIM1_BRK_TIM15_IRQHandler
 *fill*         0x08004476        0x2 
 .text.__libc_init_array
                0x08004478       0x48 c:/ac6/systemworkbench/plugins/fr.ac6.mcu.externaltools.arm-none.win32_1.15.0.201708311556/tools/compiler/bin/../lib/gcc/arm-none-eabi/6.3.1/../../../../arm-none-eabi/lib/thumb/v7e-m/fpv4-sp/hard\libc_nano.a(lib_a-init.o)
                0x08004478                __libc_init_array
 .text.memcpy   0x080044c0       0x16 c:/ac6/systemworkbench/plugins/fr.ac6.mcu.externaltools.arm-none.win32_1.15.0.201708311556/tools/compiler/bin/../lib/gcc/arm-none-eabi/6.3.1/../../../../arm-none-eabi/lib/thumb/v7e-m/fpv4-sp/hard\libc_nano.a(lib_a-memcpy-stub.o)
                0x080044c0                memcpy
 .text.memset   0x080044d6       0x10 c:/ac6/systemworkbench/plugins/fr.ac6.mcu.externaltools.arm-none.win32_1.15.0.201708311556/tools/compiler/bin/../lib/gcc/arm-none-eabi/6.3.1/../../../../arm-none-eabi/lib/thumb/v7e-m/fpv4-sp/hard\libc_nano.a(lib_a-memset.o)
                0x080044d6                memset
 *(.glue_7)
 .glue_7        0x080044e6        0x0 linker stubs
 *(.glue_7t)
 .glue_7t       0x080044e6        0x0 linker stubs
 *(.eh_frame)
 *fill*         0x080044e6        0x2 
 .eh_frame      0x080044e8        0x0 c:/ac6/systemworkbench/plugins/fr.ac6.mcu.externaltools.arm-none.win32_1.15.0.201708311556/tools/compiler/bin/../lib/gcc/arm-none-eabi/6.3.1/thumb/v7e-m/fpv4-sp/hard/crtbegin.o
 *(.init)
 .init          0x080044e8        0x4 c:/ac6/systemworkbench/plugins/fr.ac6.mcu.externaltools.arm-none.win32_1.15.0.201708311556/tools/compiler/bin/../lib/gcc/arm-none-eabi/6.3.1/thumb/v7e-m/fpv4-sp/hard/crti.o
                0x080044e8                _init
 .init          0x080044ec        0x8 c:/ac6/systemworkbench/plugins/fr.ac6.mcu.externaltools.arm-none.win32_1.15.0.201708311556/tools/compiler/bin/../lib/gcc/arm-none-eabi/6.3.1/thumb/v7e-m/fpv4-sp/hard/crtn.o
 *(.fini)
 .fini          0x080044f4        0x4 c:/ac6/systemworkbench/plugins/fr.ac6.mcu.externaltools.arm-none.win32_1.15.0.201708311556/tools/compiler/bin/../lib/gcc/arm-none-eabi/6.3.1/thumb/v7e-m/fpv4-sp/hard/crti.o
                0x080044f4                _fini
 .fini          0x080044f8        0x8 c:/ac6/systemworkbench/plugins/fr.ac6.mcu.externaltools.arm-none.win32_1.15.0.201708311556/tools/compiler/bin/../lib/gcc/arm-none-eabi/6.3.1/thumb/v7e-m/fpv4-sp/hard/crtn.o
                0x08004500                . = ALIGN (0x8)
                0x08004500                _etext = .

.vfp11_veneer   0x08004500        0x0
 .vfp11_veneer  0x08004500        0x0 linker stubs

.v4_bx          0x08004500        0x0
 .v4_bx         0x08004500        0x0 linker stubs

.iplt           0x08004500        0x0
 .iplt          0x08004500        0x0 c:/ac6/systemworkbench/plugins/fr.ac6.mcu.externaltools.arm-none.win32_1.15.0.201708311556/tools/compiler/bin/../lib/gcc/arm-none-eabi/6.3.1/thumb/v7e-m/fpv4-sp/hard/crtbegin.o

.rodata         0x08004500      0x188
                0x08004500                . = ALIGN (0x8)
 *(.rodata)
 .rodata        0x08004500        0x5 Middlewares/Third_Party/FreeRTOS/Source/tasks.o
 *fill*         0x08004505        0x3 
 .rodata        0x08004508       0x41 Src/SEGGER/FreeRTOSV9/Config/SEGGER_SYSVIEW_Config_FreeRTOS.o
 *fill*         0x08004549        0x3 
 .rodata        0x0800454c       0x60 Src/SEGGER/FreeRTOSV9/SEGGER_SYSVIEW_FreeRTOS.o
                0x080045a4                SYSVIEW_X_OS_TraceAPI
 .rodata        0x080045ac       0x17 Src/SEGGER/SEGGER_RTT.o
 *fill*         0x080045c3        0x1 
 .rodata        0x080045c4       0x24 Src/SEGGER/SEGGER_SYSVIEW.o
 .rodata        0x080045e8       0x52 Src/main.o
 *fill*         0x0800463a        0x2 
 .rodata        0x0800463c       0x48 Src/system_stm32l4xx.o
                0x0800463c                AHBPrescTable
                0x0800464c                APBPrescTable
                0x08004654                MSIRangeTable
 *(.rodata*)
                0x08004688                . = ALIGN (0x8)
 *fill*         0x08004684        0x4 

.rel.dyn        0x08004688        0x0
 .rel.iplt      0x08004688        0x0 c:/ac6/systemworkbench/plugins/fr.ac6.mcu.externaltools.arm-none.win32_1.15.0.201708311556/tools/compiler/bin/../lib/gcc/arm-none-eabi/6.3.1/thumb/v7e-m/fpv4-sp/hard/crtbegin.o

.ARM.extab      0x08004688        0x0
                0x08004688                . = ALIGN (0x8)
 *(.ARM.extab* .gnu.linkonce.armextab.*)
                0x08004688                . = ALIGN (0x8)

.ARM            0x08004688        0x0
                0x08004688                . = ALIGN (0x8)
                0x08004688                __exidx_start = .
 *(.ARM.exidx*)
                0x08004688                __exidx_end = .
                0x08004688                . = ALIGN (0x8)

.preinit_array  0x08004688        0x0
                0x08004688                . = ALIGN (0x8)
                0x08004688                PROVIDE (__preinit_array_start, .)
 *(.preinit_array*)
                0x08004688                PROVIDE (__preinit_array_end, .)
                0x08004688                . = ALIGN (0x8)

.init_array     0x08004688        0x8
                0x08004688                . = ALIGN (0x8)
                0x08004688                PROVIDE (__init_array_start, .)
 *(SORT(.init_array.*))
 *(.init_array*)
 .init_array    0x08004688        0x4 c:/ac6/systemworkbench/plugins/fr.ac6.mcu.externaltools.arm-none.win32_1.15.0.201708311556/tools/compiler/bin/../lib/gcc/arm-none-eabi/6.3.1/thumb/v7e-m/fpv4-sp/hard/crtbegin.o
                0x0800468c                PROVIDE (__init_array_end, .)
                0x08004690                . = ALIGN (0x8)
 *fill*         0x0800468c        0x4 

.fini_array     0x08004690        0x8
                0x08004690                . = ALIGN (0x8)
                [!provide]                PROVIDE (__fini_array_start, .)
 *(SORT(.fini_array.*))
 *(.fini_array*)
 .fini_array    0x08004690        0x4 c:/ac6/systemworkbench/plugins/fr.ac6.mcu.externaltools.arm-none.win32_1.15.0.201708311556/tools/compiler/bin/../lib/gcc/arm-none-eabi/6.3.1/thumb/v7e-m/fpv4-sp/hard/crtbegin.o
                [!provide]                PROVIDE (__fini_array_end, .)
                0x08004698                . = ALIGN (0x8)
 *fill*         0x08004694        0x4 
                0x08004698                _sidata = LOADADDR (.data)

.data           0x20000000        0x8 load address 0x08004698
                0x20000000                . = ALIGN (0x8)
                0x20000000                _sdata = .
 *(.data)
 .data          0x20000000        0x4 Middlewares/Third_Party/FreeRTOS/Source/portable/GCC/ARM_CM4F/port.o
 .data          0x20000004        0x4 Src/system_stm32l4xx.o
                0x20000004                SystemCoreClock
 *(.data*)
                0x20000008                . = ALIGN (0x8)
                0x20000008                _edata = .

.jcr            0x20000008        0x0 load address 0x080046a0
 .jcr           0x20000008        0x0 c:/ac6/systemworkbench/plugins/fr.ac6.mcu.externaltools.arm-none.win32_1.15.0.201708311556/tools/compiler/bin/../lib/gcc/arm-none-eabi/6.3.1/thumb/v7e-m/fpv4-sp/hard/crtbegin.o

.igot.plt       0x20000008        0x0 load address 0x080046a0
 .igot.plt      0x20000008        0x0 c:/ac6/systemworkbench/plugins/fr.ac6.mcu.externaltools.arm-none.win32_1.15.0.201708311556/tools/compiler/bin/../lib/gcc/arm-none-eabi/6.3.1/thumb/v7e-m/fpv4-sp/hard/crtbegin.o
                0x20000008                . = ALIGN (0x4)

.bss            0x20000008     0x8930 load address 0x080046a0
                0x20000008                _sbss = .
                0x20000008                __bss_start__ = _sbss
 *(.bss)
 .bss           0x20000008       0x1c c:/ac6/systemworkbench/plugins/fr.ac6.mcu.externaltools.arm-none.win32_1.15.0.201708311556/tools/compiler/bin/../lib/gcc/arm-none-eabi/6.3.1/thumb/v7e-m/fpv4-sp/hard/crtbegin.o
 .bss           0x20000024      0x12c Middlewares/Third_Party/FreeRTOS/Source/tasks.o
                0x20000024                pxCurrentTCB
 .bss           0x20000150        0x8 Middlewares/Third_Party/FreeRTOS/Source/portable/GCC/ARM_CM4F/port.o
 .bss           0x20000158     0x7d18 Middlewares/Third_Party/FreeRTOS/Source/portable/MemMang/heap_4.o
 .bss           0x20007e70       0xa4 Src/SEGGER/FreeRTOSV9/SEGGER_SYSVIEW_FreeRTOS.o
 .bss           0x20007f14      0x411 Src/SEGGER/SEGGER_RTT.o
 *fill*         0x20008325        0x3 
 .bss           0x20008328      0x51b Src/SEGGER/SEGGER_SYSVIEW.o
 *(.bss*)
 *(COMMON)
 *fill*         0x20008843        0x1 
 COMMON         0x20008844        0x4 Drivers/STM32L4xx_HAL_Driver/Src/stm32l4xx_hal.o
                0x20008844                uwTick
 COMMON         0x20008848       0xa8 Src/SEGGER/SEGGER_RTT.o
                0x20008848                _SEGGER_RTT
 COMMON         0x200088f0        0x8 Src/main.o
                0x200088f0                defaultTaskHandle
                0x200088f4                ledControlTaskHandle
 COMMON         0x200088f8       0x40 Src/stm32l4xx_hal_timebase_TIM.o
                0x200088f8                htim1
                0x20008938                . = ALIGN (0x4)
                0x20008938                _ebss = .
                0x20008938                __bss_end__ = _ebss

._user_heap_stack
                0x20008938      0x600 load address 0x080046a0
                0x20008938                . = ALIGN (0x8)
                [!provide]                PROVIDE (end, .)
                [!provide]                PROVIDE (_end, .)
                0x20008b38                . = (. + _Min_Heap_Size)
 *fill*         0x20008938      0x200 
                0x20008f38                . = (. + _Min_Stack_Size)
 *fill*         0x20008b38      0x400 
                0x20008f38                . = ALIGN (0x8)

/DISCARD/
 libc.a(*)
 libm.a(*)
 libgcc.a(*)

.ARM.attributes
                0x00000000       0x30
 *(.ARM.attributes)
 .ARM.attributes
                0x00000000       0x22 c:/ac6/systemworkbench/plugins/fr.ac6.mcu.externaltools.arm-none.win32_1.15.0.201708311556/tools/compiler/bin/../lib/gcc/arm-none-eabi/6.3.1/thumb/v7e-m/fpv4-sp/hard/crti.o
 .ARM.attributes
                0x00000022       0x34 c:/ac6/systemworkbench/plugins/fr.ac6.mcu.externaltools.arm-none.win32_1.15.0.201708311556/tools/compiler/bin/../lib/gcc/arm-none-eabi/6.3.1/thumb/v7e-m/fpv4-sp/hard/crtbegin.o
 .ARM.attributes
                0x00000056       0x39 Drivers/STM32L4xx_HAL_Driver/Src/stm32l4xx_hal.o
 .ARM.attributes
                0x0000008f       0x39 Drivers/STM32L4xx_HAL_Driver/Src/stm32l4xx_hal_cortex.o
 .ARM.attributes
                0x000000c8       0x39 Drivers/STM32L4xx_HAL_Driver/Src/stm32l4xx_hal_gpio.o
 .ARM.attributes
                0x00000101       0x39 Drivers/STM32L4xx_HAL_Driver/Src/stm32l4xx_hal_pwr_ex.o
 .ARM.attributes
                0x0000013a       0x39 Drivers/STM32L4xx_HAL_Driver/Src/stm32l4xx_hal_rcc.o
 .ARM.attributes
                0x00000173       0x39 Drivers/STM32L4xx_HAL_Driver/Src/stm32l4xx_hal_tim.o
 .ARM.attributes
                0x000001ac       0x39 Drivers/STM32L4xx_HAL_Driver/Src/stm32l4xx_hal_tim_ex.o
 .ARM.attributes
                0x000001e5       0x39 Middlewares/Third_Party/FreeRTOS/Source/CMSIS_RTOS/cmsis_os.o
 .ARM.attributes
                0x0000021e       0x39 Middlewares/Third_Party/FreeRTOS/Source/list.o
 .ARM.attributes
                0x00000257       0x39 Middlewares/Third_Party/FreeRTOS/Source/tasks.o
 .ARM.attributes
                0x00000290       0x39 Middlewares/Third_Party/FreeRTOS/Source/portable/GCC/ARM_CM4F/port.o
 .ARM.attributes
                0x000002c9       0x39 Middlewares/Third_Party/FreeRTOS/Source/portable/MemMang/heap_4.o
 .ARM.attributes
                0x00000302       0x39 Src/SEGGER/FreeRTOSV9/Config/SEGGER_SYSVIEW_Config_FreeRTOS.o
 .ARM.attributes
                0x0000033b       0x39 Src/SEGGER/FreeRTOSV9/SEGGER_SYSVIEW_FreeRTOS.o
 .ARM.attributes
                0x00000374       0x39 Src/SEGGER/SEGGER_RTT.o
 .ARM.attributes
                0x000003ad       0x39 Src/SEGGER/SEGGER_SYSVIEW.o
 .ARM.attributes
                0x000003e6       0x39 Src/main.o
 .ARM.attributes
                0x0000041f       0x39 Src/stm32l4xx_hal_msp.o
 .ARM.attributes
                0x00000458       0x39 Src/stm32l4xx_hal_timebase_TIM.o
 .ARM.attributes
                0x00000491       0x39 Src/stm32l4xx_it.o
 .ARM.attributes
                0x000004ca       0x39 Src/system_stm32l4xx.o
 .ARM.attributes
                0x00000503       0x21 startup/startup_stm32l476xx.o
 .ARM.attributes
                0x00000524       0x34 c:/ac6/systemworkbench/plugins/fr.ac6.mcu.externaltools.arm-none.win32_1.15.0.201708311556/tools/compiler/bin/../lib/gcc/arm-none-eabi/6.3.1/../../../../arm-none-eabi/lib/thumb/v7e-m/fpv4-sp/hard\libc_nano.a(lib_a-init.o)
 .ARM.attributes
                0x00000558       0x34 c:/ac6/systemworkbench/plugins/fr.ac6.mcu.externaltools.arm-none.win32_1.15.0.201708311556/tools/compiler/bin/../lib/gcc/arm-none-eabi/6.3.1/../../../../arm-none-eabi/lib/thumb/v7e-m/fpv4-sp/hard\libc_nano.a(lib_a-memcpy-stub.o)
 .ARM.attributes
                0x0000058c       0x34 c:/ac6/systemworkbench/plugins/fr.ac6.mcu.externaltools.arm-none.win32_1.15.0.201708311556/tools/compiler/bin/../lib/gcc/arm-none-eabi/6.3.1/../../../../arm-none-eabi/lib/thumb/v7e-m/fpv4-sp/hard\libc_nano.a(lib_a-memset.o)
 .ARM.attributes
                0x000005c0       0x22 c:/ac6/systemworkbench/plugins/fr.ac6.mcu.externaltools.arm-none.win32_1.15.0.201708311556/tools/compiler/bin/../lib/gcc/arm-none-eabi/6.3.1/thumb/v7e-m/fpv4-sp/hard/crtn.o
OUTPUT(trackTest1.elf elf32-littlearm)

.debug_info     0x00000000    0x1b4bf
 .debug_info    0x00000000     0x1265 Drivers/STM32L4xx_HAL_Driver/Src/stm32l4xx_hal.o
 .debug_info    0x00001265     0x15a4 Drivers/STM32L4xx_HAL_Driver/Src/stm32l4xx_hal_cortex.o
 .debug_info    0x00002809     0x1087 Drivers/STM32L4xx_HAL_Driver/Src/stm32l4xx_hal_gpio.o
 .debug_info    0x00003890     0x1285 Drivers/STM32L4xx_HAL_Driver/Src/stm32l4xx_hal_pwr_ex.o
 .debug_info    0x00004b15     0x139a Drivers/STM32L4xx_HAL_Driver/Src/stm32l4xx_hal_rcc.o
 .debug_info    0x00005eaf     0x2b2d Drivers/STM32L4xx_HAL_Driver/Src/stm32l4xx_hal_tim.o
 .debug_info    0x000089dc     0x19dc Drivers/STM32L4xx_HAL_Driver/Src/stm32l4xx_hal_tim_ex.o
 .debug_info    0x0000a3b8     0x1b05 Middlewares/Third_Party/FreeRTOS/Source/CMSIS_RTOS/cmsis_os.o
 .debug_info    0x0000bebd      0xad7 Middlewares/Third_Party/FreeRTOS/Source/list.o
 .debug_info    0x0000c994     0x2480 Middlewares/Third_Party/FreeRTOS/Source/tasks.o
 .debug_info    0x0000ee14      0x50f Middlewares/Third_Party/FreeRTOS/Source/portable/GCC/ARM_CM4F/port.o
 .debug_info    0x0000f323      0xc01 Middlewares/Third_Party/FreeRTOS/Source/portable/MemMang/heap_4.o
 .debug_info    0x0000ff24      0x116 Src/SEGGER/FreeRTOSV9/Config/SEGGER_SYSVIEW_Config_FreeRTOS.o
 .debug_info    0x0001003a      0xcc1 Src/SEGGER/FreeRTOSV9/SEGGER_SYSVIEW_FreeRTOS.o
 .debug_info    0x00010cfb     0x167a Src/SEGGER/SEGGER_RTT.o
 .debug_info    0x00012375     0x3ada Src/SEGGER/SEGGER_SYSVIEW.o
 .debug_info    0x00015e4f     0x17c3 Src/main.o
 .debug_info    0x00017612      0xddf Src/stm32l4xx_hal_msp.o
 .debug_info    0x000183f1     0x13a7 Src/stm32l4xx_hal_timebase_TIM.o
 .debug_info    0x00019798      0xed6 Src/stm32l4xx_it.o
 .debug_info    0x0001a66e      0xde3 Src/system_stm32l4xx.o
 .debug_info    0x0001b451       0x6e startup/startup_stm32l476xx.o

.debug_abbrev   0x00000000     0x3659
 .debug_abbrev  0x00000000      0x2b5 Drivers/STM32L4xx_HAL_Driver/Src/stm32l4xx_hal.o
 .debug_abbrev  0x000002b5      0x381 Drivers/STM32L4xx_HAL_Driver/Src/stm32l4xx_hal_cortex.o
 .debug_abbrev  0x00000636      0x287 Drivers/STM32L4xx_HAL_Driver/Src/stm32l4xx_hal_gpio.o
 .debug_abbrev  0x000008bd      0x2bf Drivers/STM32L4xx_HAL_Driver/Src/stm32l4xx_hal_pwr_ex.o
 .debug_abbrev  0x00000b7c      0x307 Drivers/STM32L4xx_HAL_Driver/Src/stm32l4xx_hal_rcc.o
 .debug_abbrev  0x00000e83      0x2e6 Drivers/STM32L4xx_HAL_Driver/Src/stm32l4xx_hal_tim.o
 .debug_abbrev  0x00001169      0x2c3 Drivers/STM32L4xx_HAL_Driver/Src/stm32l4xx_hal_tim_ex.o
 .debug_abbrev  0x0000142c      0x3a4 Middlewares/Third_Party/FreeRTOS/Source/CMSIS_RTOS/cmsis_os.o
 .debug_abbrev  0x000017d0      0x1fe Middlewares/Third_Party/FreeRTOS/Source/list.o
 .debug_abbrev  0x000019ce      0x3a4 Middlewares/Third_Party/FreeRTOS/Source/tasks.o
 .debug_abbrev  0x00001d72      0x1d8 Middlewares/Third_Party/FreeRTOS/Source/portable/GCC/ARM_CM4F/port.o
 .debug_abbrev  0x00001f4a      0x2d4 Middlewares/Third_Party/FreeRTOS/Source/portable/MemMang/heap_4.o
 .debug_abbrev  0x0000221e       0xb5 Src/SEGGER/FreeRTOSV9/Config/SEGGER_SYSVIEW_Config_FreeRTOS.o
 .debug_abbrev  0x000022d3      0x26a Src/SEGGER/FreeRTOSV9/SEGGER_SYSVIEW_FreeRTOS.o
 .debug_abbrev  0x0000253d      0x2d6 Src/SEGGER/SEGGER_RTT.o
 .debug_abbrev  0x00002813      0x31a Src/SEGGER/SEGGER_SYSVIEW.o
 .debug_abbrev  0x00002b2d      0x2af Src/main.o
 .debug_abbrev  0x00002ddc      0x204 Src/stm32l4xx_hal_msp.o
 .debug_abbrev  0x00002fe0      0x242 Src/stm32l4xx_hal_timebase_TIM.o
 .debug_abbrev  0x00003222      0x1ff Src/stm32l4xx_it.o
 .debug_abbrev  0x00003421      0x226 Src/system_stm32l4xx.o
 .debug_abbrev  0x00003647       0x12 startup/startup_stm32l476xx.o

.debug_aranges  0x00000000     0x12f0
 .debug_aranges
                0x00000000      0x118 Drivers/STM32L4xx_HAL_Driver/Src/stm32l4xx_hal.o
 .debug_aranges
                0x00000118      0x108 Drivers/STM32L4xx_HAL_Driver/Src/stm32l4xx_hal_cortex.o
 .debug_aranges
                0x00000220       0x58 Drivers/STM32L4xx_HAL_Driver/Src/stm32l4xx_hal_gpio.o
 .debug_aranges
                0x00000278      0x148 Drivers/STM32L4xx_HAL_Driver/Src/stm32l4xx_hal_pwr_ex.o
 .debug_aranges
                0x000003c0       0x88 Drivers/STM32L4xx_HAL_Driver/Src/stm32l4xx_hal_rcc.o
 .debug_aranges
                0x00000448      0x378 Drivers/STM32L4xx_HAL_Driver/Src/stm32l4xx_hal_tim.o
 .debug_aranges
                0x000007c0      0x150 Drivers/STM32L4xx_HAL_Driver/Src/stm32l4xx_hal_tim_ex.o
 .debug_aranges
                0x00000910      0x1d8 Middlewares/Third_Party/FreeRTOS/Source/CMSIS_RTOS/cmsis_os.o
 .debug_aranges
                0x00000ae8       0x40 Middlewares/Third_Party/FreeRTOS/Source/list.o
 .debug_aranges
                0x00000b28      0x1c8 Middlewares/Third_Party/FreeRTOS/Source/tasks.o
 .debug_aranges
                0x00000cf0       0x80 Middlewares/Third_Party/FreeRTOS/Source/portable/GCC/ARM_CM4F/port.o
 .debug_aranges
                0x00000d70       0x50 Middlewares/Third_Party/FreeRTOS/Source/portable/MemMang/heap_4.o
 .debug_aranges
                0x00000dc0       0x28 Src/SEGGER/FreeRTOSV9/Config/SEGGER_SYSVIEW_Config_FreeRTOS.o
 .debug_aranges
                0x00000de8       0x58 Src/SEGGER/FreeRTOSV9/SEGGER_SYSVIEW_FreeRTOS.o
 .debug_aranges
                0x00000e40      0x108 Src/SEGGER/SEGGER_RTT.o
 .debug_aranges
                0x00000f48      0x260 Src/SEGGER/SEGGER_SYSVIEW.o
 .debug_aranges
                0x000011a8       0x50 Src/main.o
 .debug_aranges
                0x000011f8       0x20 Src/stm32l4xx_hal_msp.o
 .debug_aranges
                0x00001218       0x30 Src/stm32l4xx_hal_timebase_TIM.o
 .debug_aranges
                0x00001248       0x58 Src/stm32l4xx_it.o
 .debug_aranges
                0x000012a0       0x28 Src/system_stm32l4xx.o
 .debug_aranges
                0x000012c8       0x28 startup/startup_stm32l476xx.o

.debug_ranges   0x00000000     0x1198
 .debug_ranges  0x00000000      0x108 Drivers/STM32L4xx_HAL_Driver/Src/stm32l4xx_hal.o
 .debug_ranges  0x00000108       0xf8 Drivers/STM32L4xx_HAL_Driver/Src/stm32l4xx_hal_cortex.o
 .debug_ranges  0x00000200       0x48 Drivers/STM32L4xx_HAL_Driver/Src/stm32l4xx_hal_gpio.o
 .debug_ranges  0x00000248      0x138 Drivers/STM32L4xx_HAL_Driver/Src/stm32l4xx_hal_pwr_ex.o
 .debug_ranges  0x00000380       0x78 Drivers/STM32L4xx_HAL_Driver/Src/stm32l4xx_hal_rcc.o
 .debug_ranges  0x000003f8      0x368 Drivers/STM32L4xx_HAL_Driver/Src/stm32l4xx_hal_tim.o
 .debug_ranges  0x00000760      0x140 Drivers/STM32L4xx_HAL_Driver/Src/stm32l4xx_hal_tim_ex.o
 .debug_ranges  0x000008a0      0x1c8 Middlewares/Third_Party/FreeRTOS/Source/CMSIS_RTOS/cmsis_os.o
 .debug_ranges  0x00000a68       0x30 Middlewares/Third_Party/FreeRTOS/Source/list.o
 .debug_ranges  0x00000a98      0x1b8 Middlewares/Third_Party/FreeRTOS/Source/tasks.o
 .debug_ranges  0x00000c50       0x70 Middlewares/Third_Party/FreeRTOS/Source/portable/GCC/ARM_CM4F/port.o
 .debug_ranges  0x00000cc0       0x40 Middlewares/Third_Party/FreeRTOS/Source/portable/MemMang/heap_4.o
 .debug_ranges  0x00000d00       0x18 Src/SEGGER/FreeRTOSV9/Config/SEGGER_SYSVIEW_Config_FreeRTOS.o
 .debug_ranges  0x00000d18       0x48 Src/SEGGER/FreeRTOSV9/SEGGER_SYSVIEW_FreeRTOS.o
 .debug_ranges  0x00000d60       0xf8 Src/SEGGER/SEGGER_RTT.o
 .debug_ranges  0x00000e58      0x250 Src/SEGGER/SEGGER_SYSVIEW.o
 .debug_ranges  0x000010a8       0x40 Src/main.o
 .debug_ranges  0x000010e8       0x10 Src/stm32l4xx_hal_msp.o
 .debug_ranges  0x000010f8       0x20 Src/stm32l4xx_hal_timebase_TIM.o
 .debug_ranges  0x00001118       0x48 Src/stm32l4xx_it.o
 .debug_ranges  0x00001160       0x18 Src/system_stm32l4xx.o
 .debug_ranges  0x00001178       0x20 startup/startup_stm32l476xx.o

.debug_macro    0x00000000    0x2902f
 .debug_macro   0x00000000      0x368 Drivers/STM32L4xx_HAL_Driver/Src/stm32l4xx_hal.o
 .debug_macro   0x00000368      0x8bc Drivers/STM32L4xx_HAL_Driver/Src/stm32l4xx_hal.o
 .debug_macro   0x00000c24       0x34 Drivers/STM32L4xx_HAL_Driver/Src/stm32l4xx_hal.o
 .debug_macro   0x00000c58       0xae Drivers/STM32L4xx_HAL_Driver/Src/stm32l4xx_hal.o
 .debug_macro   0x00000d06       0x2e Drivers/STM32L4xx_HAL_Driver/Src/stm32l4xx_hal.o
 .debug_macro   0x00000d34       0x28 Drivers/STM32L4xx_HAL_Driver/Src/stm32l4xx_hal.o
 .debug_macro   0x00000d5c       0x22 Drivers/STM32L4xx_HAL_Driver/Src/stm32l4xx_hal.o
 .debug_macro   0x00000d7e       0x87 Drivers/STM32L4xx_HAL_Driver/Src/stm32l4xx_hal.o
 .debug_macro   0x00000e05       0x51 Drivers/STM32L4xx_HAL_Driver/Src/stm32l4xx_hal.o
 .debug_macro   0x00000e56       0xef Drivers/STM32L4xx_HAL_Driver/Src/stm32l4xx_hal.o
 .debug_macro   0x00000f45       0x6a Drivers/STM32L4xx_HAL_Driver/Src/stm32l4xx_hal.o
 .debug_macro   0x00000faf      0x1df Drivers/STM32L4xx_HAL_Driver/Src/stm32l4xx_hal.o
 .debug_macro   0x0000118e       0x35 Drivers/STM32L4xx_HAL_Driver/Src/stm32l4xx_hal.o
 .debug_macro   0x000011c3       0x50 Drivers/STM32L4xx_HAL_Driver/Src/stm32l4xx_hal.o
 .debug_macro   0x00001213      0xe66 Drivers/STM32L4xx_HAL_Driver/Src/stm32l4xx_hal.o
 .debug_macro   0x00002079    0x1a1c4 Drivers/STM32L4xx_HAL_Driver/Src/stm32l4xx_hal.o
 .debug_macro   0x0001c23d       0x43 Drivers/STM32L4xx_HAL_Driver/Src/stm32l4xx_hal.o
 .debug_macro   0x0001c280     0x36a8 Drivers/STM32L4xx_HAL_Driver/Src/stm32l4xx_hal.o
 .debug_macro   0x0001f928       0x58 Drivers/STM32L4xx_HAL_Driver/Src/stm32l4xx_hal.o
 .debug_macro   0x0001f980       0x35 Drivers/STM32L4xx_HAL_Driver/Src/stm32l4xx_hal.o
 .debug_macro   0x0001f9b5       0x9c Drivers/STM32L4xx_HAL_Driver/Src/stm32l4xx_hal.o
 .debug_macro   0x0001fa51       0x16 Drivers/STM32L4xx_HAL_Driver/Src/stm32l4xx_hal.o
 .debug_macro   0x0001fa67       0x97 Drivers/STM32L4xx_HAL_Driver/Src/stm32l4xx_hal.o
 .debug_macro   0x0001fafe      0x330 Drivers/STM32L4xx_HAL_Driver/Src/stm32l4xx_hal.o
 .debug_macro   0x0001fe2e       0xfd Drivers/STM32L4xx_HAL_Driver/Src/stm32l4xx_hal.o
 .debug_macro   0x0001ff2b       0x10 Drivers/STM32L4xx_HAL_Driver/Src/stm32l4xx_hal.o
 .debug_macro   0x0001ff3b       0x58 Drivers/STM32L4xx_HAL_Driver/Src/stm32l4xx_hal.o
 .debug_macro   0x0001ff93       0x1f Drivers/STM32L4xx_HAL_Driver/Src/stm32l4xx_hal.o
 .debug_macro   0x0001ffb2       0x43 Drivers/STM32L4xx_HAL_Driver/Src/stm32l4xx_hal.o
 .debug_macro   0x0001fff5       0x20 Drivers/STM32L4xx_HAL_Driver/Src/stm32l4xx_hal.o
 .debug_macro   0x00020015      0x187 Drivers/STM32L4xx_HAL_Driver/Src/stm32l4xx_hal.o
 .debug_macro   0x0002019c       0x10 Drivers/STM32L4xx_HAL_Driver/Src/stm32l4xx_hal.o
 .debug_macro   0x000201ac       0x1c Drivers/STM32L4xx_HAL_Driver/Src/stm32l4xx_hal.o
 .debug_macro   0x000201c8       0x52 Drivers/STM32L4xx_HAL_Driver/Src/stm32l4xx_hal.o
 .debug_macro   0x0002021a       0x40 Drivers/STM32L4xx_HAL_Driver/Src/stm32l4xx_hal.o
 .debug_macro   0x0002025a       0x10 Drivers/STM32L4xx_HAL_Driver/Src/stm32l4xx_hal.o
 .debug_macro   0x0002026a       0x40 Drivers/STM32L4xx_HAL_Driver/Src/stm32l4xx_hal.o
 .debug_macro   0x000202aa       0xd7 Drivers/STM32L4xx_HAL_Driver/Src/stm32l4xx_hal.o
 .debug_macro   0x00020381       0x16 Drivers/STM32L4xx_HAL_Driver/Src/stm32l4xx_hal.o
 .debug_macro   0x00020397      0x18b Drivers/STM32L4xx_HAL_Driver/Src/stm32l4xx_hal.o
 .debug_macro   0x00020522       0x50 Drivers/STM32L4xx_HAL_Driver/Src/stm32l4xx_hal.o
 .debug_macro   0x00020572     0x1566 Drivers/STM32L4xx_HAL_Driver/Src/stm32l4xx_hal.o
 .debug_macro   0x00021ad8      0x59e Drivers/STM32L4xx_HAL_Driver/Src/stm32l4xx_hal.o
 .debug_macro   0x00022076      0x148 Drivers/STM32L4xx_HAL_Driver/Src/stm32l4xx_hal.o
 .debug_macro   0x000221be      0x18b Drivers/STM32L4xx_HAL_Driver/Src/stm32l4xx_hal.o
 .debug_macro   0x00022349      0x26b Drivers/STM32L4xx_HAL_Driver/Src/stm32l4xx_hal.o
 .debug_macro   0x000225b4      0x23a Drivers/STM32L4xx_HAL_Driver/Src/stm32l4xx_hal.o
 .debug_macro   0x000227ee      0x367 Drivers/STM32L4xx_HAL_Driver/Src/stm32l4xx_hal.o
 .debug_macro   0x00022b55       0x10 Drivers/STM32L4xx_HAL_Driver/Src/stm32l4xx_hal.o
 .debug_macro   0x00022b65       0xe4 Drivers/STM32L4xx_HAL_Driver/Src/stm32l4xx_hal.o
 .debug_macro   0x00022c49      0x202 Drivers/STM32L4xx_HAL_Driver/Src/stm32l4xx_hal.o
 .debug_macro   0x00022e4b       0x61 Drivers/STM32L4xx_HAL_Driver/Src/stm32l4xx_hal.o
 .debug_macro   0x00022eac       0x90 Drivers/STM32L4xx_HAL_Driver/Src/stm32l4xx_hal.o
 .debug_macro   0x00022f3c      0x126 Drivers/STM32L4xx_HAL_Driver/Src/stm32l4xx_hal.o
 .debug_macro   0x00023062      0x3db Drivers/STM32L4xx_HAL_Driver/Src/stm32l4xx_hal.o
 .debug_macro   0x0002343d      0x9f0 Drivers/STM32L4xx_HAL_Driver/Src/stm32l4xx_hal.o
 .debug_macro   0x00023e2d      0x1ed Drivers/STM32L4xx_HAL_Driver/Src/stm32l4xx_hal.o
 .debug_macro   0x0002401a      0x325 Drivers/STM32L4xx_HAL_Driver/Src/stm32l4xx_hal.o
 .debug_macro   0x0002433f      0x31a Drivers/STM32L4xx_HAL_Driver/Src/stm32l4xx_hal_cortex.o
 .debug_macro   0x00024659      0x359 Drivers/STM32L4xx_HAL_Driver/Src/stm32l4xx_hal_gpio.o
 .debug_macro   0x000249b2      0x33e Drivers/STM32L4xx_HAL_Driver/Src/stm32l4xx_hal_pwr_ex.o
 .debug_macro   0x00024cf0      0x35c Drivers/STM32L4xx_HAL_Driver/Src/stm32l4xx_hal_rcc.o
 .debug_macro   0x0002504c      0x31a Drivers/STM32L4xx_HAL_Driver/Src/stm32l4xx_hal_tim.o
 .debug_macro   0x00025366      0x32c Drivers/STM32L4xx_HAL_Driver/Src/stm32l4xx_hal_tim_ex.o
 .debug_macro   0x00025692      0x1f5 Middlewares/Third_Party/FreeRTOS/Source/CMSIS_RTOS/cmsis_os.o
 .debug_macro   0x00025887       0x52 Middlewares/Third_Party/FreeRTOS/Source/CMSIS_RTOS/cmsis_os.o
 .debug_macro   0x000258d9       0x8d Middlewares/Third_Party/FreeRTOS/Source/CMSIS_RTOS/cmsis_os.o
 .debug_macro   0x00025966      0x174 Middlewares/Third_Party/FreeRTOS/Source/CMSIS_RTOS/cmsis_os.o
 .debug_macro   0x00025ada       0x57 Middlewares/Third_Party/FreeRTOS/Source/CMSIS_RTOS/cmsis_os.o
 .debug_macro   0x00025b31       0x10 Middlewares/Third_Party/FreeRTOS/Source/CMSIS_RTOS/cmsis_os.o
 .debug_macro   0x00025b41       0x35 Middlewares/Third_Party/FreeRTOS/Source/CMSIS_RTOS/cmsis_os.o
 .debug_macro   0x00025b76       0xd8 Middlewares/Third_Party/FreeRTOS/Source/CMSIS_RTOS/cmsis_os.o
 .debug_macro   0x00025c4e      0x168 Middlewares/Third_Party/FreeRTOS/Source/CMSIS_RTOS/cmsis_os.o
 .debug_macro   0x00025db6       0xe4 Middlewares/Third_Party/FreeRTOS/Source/CMSIS_RTOS/cmsis_os.o
 .debug_macro   0x00025e9a       0x10 Middlewares/Third_Party/FreeRTOS/Source/CMSIS_RTOS/cmsis_os.o
 .debug_macro   0x00025eaa       0x1f Middlewares/Third_Party/FreeRTOS/Source/CMSIS_RTOS/cmsis_os.o
 .debug_macro   0x00025ec9      0x408 Middlewares/Third_Party/FreeRTOS/Source/CMSIS_RTOS/cmsis_os.o
 .debug_macro   0x000262d1       0xc0 Middlewares/Third_Party/FreeRTOS/Source/CMSIS_RTOS/cmsis_os.o
 .debug_macro   0x00026391       0x8c Middlewares/Third_Party/FreeRTOS/Source/CMSIS_RTOS/cmsis_os.o
 .debug_macro   0x0002641d       0x91 Middlewares/Third_Party/FreeRTOS/Source/CMSIS_RTOS/cmsis_os.o
 .debug_macro   0x000264ae       0x94 Middlewares/Third_Party/FreeRTOS/Source/CMSIS_RTOS/cmsis_os.o
 .debug_macro   0x00026542       0x63 Middlewares/Third_Party/FreeRTOS/Source/CMSIS_RTOS/cmsis_os.o
 .debug_macro   0x000265a5       0xcf Middlewares/Third_Party/FreeRTOS/Source/CMSIS_RTOS/cmsis_os.o
 .debug_macro   0x00026674       0x26 Middlewares/Third_Party/FreeRTOS/Source/CMSIS_RTOS/cmsis_os.o
 .debug_macro   0x0002669a      0x18b Middlewares/Third_Party/FreeRTOS/Source/list.o
 .debug_macro   0x00026825      0x26a Middlewares/Third_Party/FreeRTOS/Source/tasks.o
 .debug_macro   0x00026a8f       0x11 Middlewares/Third_Party/FreeRTOS/Source/tasks.o
 .debug_macro   0x00026aa0      0x1ad Middlewares/Third_Party/FreeRTOS/Source/portable/GCC/ARM_CM4F/port.o
 .debug_macro   0x00026c4d      0x1b2 Middlewares/Third_Party/FreeRTOS/Source/portable/MemMang/heap_4.o
 .debug_macro   0x00026dff      0x116 Src/SEGGER/FreeRTOSV9/Config/SEGGER_SYSVIEW_Config_FreeRTOS.o
 .debug_macro   0x00026f15       0x58 Src/SEGGER/FreeRTOSV9/Config/SEGGER_SYSVIEW_Config_FreeRTOS.o
 .debug_macro   0x00026f6d       0x40 Src/SEGGER/FreeRTOSV9/Config/SEGGER_SYSVIEW_Config_FreeRTOS.o
 .debug_macro   0x00026fad       0x4c Src/SEGGER/FreeRTOSV9/Config/SEGGER_SYSVIEW_Config_FreeRTOS.o
 .debug_macro   0x00026ff9      0x1cd Src/SEGGER/FreeRTOSV9/Config/SEGGER_SYSVIEW_Config_FreeRTOS.o
 .debug_macro   0x000271c6      0x1cc Src/SEGGER/FreeRTOSV9/SEGGER_SYSVIEW_FreeRTOS.o
 .debug_macro   0x00027392      0x3dc Src/SEGGER/FreeRTOSV9/SEGGER_SYSVIEW_FreeRTOS.o
 .debug_macro   0x0002776e      0x15b Src/SEGGER/SEGGER_RTT.o
 .debug_macro   0x000278c9       0x4f Src/SEGGER/SEGGER_RTT.o
 .debug_macro   0x00027918      0x115 Src/SEGGER/SEGGER_RTT.o
 .debug_macro   0x00027a2d      0x1ef Src/SEGGER/SEGGER_SYSVIEW.o
 .debug_macro   0x00027c1c       0x66 Src/SEGGER/SEGGER_SYSVIEW.o
 .debug_macro   0x00027c82       0x35 Src/SEGGER/SEGGER_SYSVIEW.o
 .debug_macro   0x00027cb7      0x11b Src/SEGGER/SEGGER_SYSVIEW.o
 .debug_macro   0x00027dd2      0x404 Src/main.o
 .debug_macro   0x000281d6       0xde Src/main.o
 .debug_macro   0x000282b4       0x4c Src/main.o
 .debug_macro   0x00028300      0x31a Src/stm32l4xx_hal_msp.o
 .debug_macro   0x0002861a      0x31a Src/stm32l4xx_hal_timebase_TIM.o
 .debug_macro   0x00028934      0x3da Src/stm32l4xx_it.o
 .debug_macro   0x00028d0e      0x321 Src/system_stm32l4xx.o

.debug_line     0x00000000     0xe184
 .debug_line    0x00000000      0xa13 Drivers/STM32L4xx_HAL_Driver/Src/stm32l4xx_hal.o
 .debug_line    0x00000a13      0xa8e Drivers/STM32L4xx_HAL_Driver/Src/stm32l4xx_hal_cortex.o
 .debug_line    0x000014a1      0x975 Drivers/STM32L4xx_HAL_Driver/Src/stm32l4xx_hal_gpio.o
 .debug_line    0x00001e16      0xb7d Drivers/STM32L4xx_HAL_Driver/Src/stm32l4xx_hal_pwr_ex.o
 .debug_line    0x00002993      0xa9a Drivers/STM32L4xx_HAL_Driver/Src/stm32l4xx_hal_rcc.o
 .debug_line    0x0000342d     0x1ad7 Drivers/STM32L4xx_HAL_Driver/Src/stm32l4xx_hal_tim.o
 .debug_line    0x00004f04      0xdfd Drivers/STM32L4xx_HAL_Driver/Src/stm32l4xx_hal_tim_ex.o
 .debug_line    0x00005d01      0xbab Middlewares/Third_Party/FreeRTOS/Source/CMSIS_RTOS/cmsis_os.o
 .debug_line    0x000068ac      0x55c Middlewares/Third_Party/FreeRTOS/Source/list.o
 .debug_line    0x00006e08     0x109d Middlewares/Third_Party/FreeRTOS/Source/tasks.o
 .debug_line    0x00007ea5      0x66b Middlewares/Third_Party/FreeRTOS/Source/portable/GCC/ARM_CM4F/port.o
 .debug_line    0x00008510      0x640 Middlewares/Third_Party/FreeRTOS/Source/portable/MemMang/heap_4.o
 .debug_line    0x00008b50      0x511 Src/SEGGER/FreeRTOSV9/Config/SEGGER_SYSVIEW_Config_FreeRTOS.o
 .debug_line    0x00009061      0x6a0 Src/SEGGER/FreeRTOSV9/SEGGER_SYSVIEW_FreeRTOS.o
 .debug_line    0x00009701      0x77c Src/SEGGER/SEGGER_RTT.o
 .debug_line    0x00009e7d     0x1643 Src/SEGGER/SEGGER_SYSVIEW.o
 .debug_line    0x0000b4c0      0xab8 Src/main.o
 .debug_line    0x0000bf78      0x7b0 Src/stm32l4xx_hal_msp.o
 .debug_line    0x0000c728      0x7e8 Src/stm32l4xx_hal_timebase_TIM.o
 .debug_line    0x0000cf10      0xa18 Src/stm32l4xx_it.o
 .debug_line    0x0000d928      0x7dd Src/system_stm32l4xx.o
 .debug_line    0x0000e105       0x7f startup/startup_stm32l476xx.o

.debug_str      0x00000000    0xf40df
 .debug_str     0x00000000    0xe4720 Drivers/STM32L4xx_HAL_Driver/Src/stm32l4xx_hal.o
                              0xe4baf (size before relaxing)
 .debug_str     0x000e4720      0x3b3 Drivers/STM32L4xx_HAL_Driver/Src/stm32l4xx_hal_cortex.o
                              0xe48dc (size before relaxing)
 .debug_str     0x000e4ad3      0x317 Drivers/STM32L4xx_HAL_Driver/Src/stm32l4xx_hal_gpio.o
                              0xe43a6 (size before relaxing)
 .debug_str     0x000e4dea      0x497 Drivers/STM32L4xx_HAL_Driver/Src/stm32l4xx_hal_pwr_ex.o
                              0xe45cd (size before relaxing)
 .debug_str     0x000e5281      0x558 Drivers/STM32L4xx_HAL_Driver/Src/stm32l4xx_hal_rcc.o
                              0xe46bc (size before relaxing)
 .debug_str     0x000e57d9     0x1078 Drivers/STM32L4xx_HAL_Driver/Src/stm32l4xx_hal_tim.o
                              0xe5083 (size before relaxing)
 .debug_str     0x000e6851      0x691 Drivers/STM32L4xx_HAL_Driver/Src/stm32l4xx_hal_tim_ex.o
                              0xe4ab0 (size before relaxing)
 .debug_str     0x000e6ee2     0x58ed Middlewares/Third_Party/FreeRTOS/Source/CMSIS_RTOS/cmsis_os.o
                               0xbf48 (size before relaxing)
 .debug_str     0x000ec7cf      0x234 Middlewares/Third_Party/FreeRTOS/Source/list.o
                               0x95f7 (size before relaxing)
 .debug_str     0x000eca03     0x1371 Middlewares/Third_Party/FreeRTOS/Source/tasks.o
                               0xb7a8 (size before relaxing)
 .debug_str     0x000edd74      0x810 Middlewares/Third_Party/FreeRTOS/Source/portable/GCC/ARM_CM4F/port.o
                               0x765c (size before relaxing)
 .debug_str     0x000ee584      0x25a Middlewares/Third_Party/FreeRTOS/Source/portable/MemMang/heap_4.o
                               0x9d18 (size before relaxing)
 .debug_str     0x000ee7de     0x116b Src/SEGGER/FreeRTOSV9/Config/SEGGER_SYSVIEW_Config_FreeRTOS.o
                               0x7209 (size before relaxing)
 .debug_str     0x000ef949     0x255e Src/SEGGER/FreeRTOSV9/SEGGER_SYSVIEW_FreeRTOS.o
                               0xcffb (size before relaxing)
 .debug_str     0x000f1ea7      0xd3a Src/SEGGER/SEGGER_RTT.o
                               0x6612 (size before relaxing)
 .debug_str     0x000f2be1     0x129f Src/SEGGER/SEGGER_SYSVIEW.o
                               0x85ae (size before relaxing)
 .debug_str     0x000f3e80       0xdd Src/main.o
                              0xeada3 (size before relaxing)
 .debug_str     0x000f3f5d       0x1b Src/stm32l4xx_hal_msp.o
                              0xe450c (size before relaxing)
 .debug_str     0x000f3f78       0x61 Src/stm32l4xx_hal_timebase_TIM.o
                              0xe4a13 (size before relaxing)
 .debug_str     0x000f3fd9       0xb6 Src/stm32l4xx_it.o
                              0xe93fd (size before relaxing)
 .debug_str     0x000f408f       0x50 Src/system_stm32l4xx.o
                              0xe40cb (size before relaxing)

.comment        0x00000000       0x7f
 .comment       0x00000000       0x7f Drivers/STM32L4xx_HAL_Driver/Src/stm32l4xx_hal.o
                                 0x80 (size before relaxing)
 .comment       0x0000007f       0x80 Drivers/STM32L4xx_HAL_Driver/Src/stm32l4xx_hal_cortex.o
 .comment       0x0000007f       0x80 Drivers/STM32L4xx_HAL_Driver/Src/stm32l4xx_hal_gpio.o
 .comment       0x0000007f       0x80 Drivers/STM32L4xx_HAL_Driver/Src/stm32l4xx_hal_pwr_ex.o
 .comment       0x0000007f       0x80 Drivers/STM32L4xx_HAL_Driver/Src/stm32l4xx_hal_rcc.o
 .comment       0x0000007f       0x80 Drivers/STM32L4xx_HAL_Driver/Src/stm32l4xx_hal_tim.o
 .comment       0x0000007f       0x80 Drivers/STM32L4xx_HAL_Driver/Src/stm32l4xx_hal_tim_ex.o
 .comment       0x0000007f       0x80 Middlewares/Third_Party/FreeRTOS/Source/CMSIS_RTOS/cmsis_os.o
 .comment       0x0000007f       0x80 Middlewares/Third_Party/FreeRTOS/Source/list.o
 .comment       0x0000007f       0x80 Middlewares/Third_Party/FreeRTOS/Source/tasks.o
 .comment       0x0000007f       0x80 Middlewares/Third_Party/FreeRTOS/Source/portable/GCC/ARM_CM4F/port.o
 .comment       0x0000007f       0x80 Middlewares/Third_Party/FreeRTOS/Source/portable/MemMang/heap_4.o
 .comment       0x0000007f       0x80 Src/SEGGER/FreeRTOSV9/Config/SEGGER_SYSVIEW_Config_FreeRTOS.o
 .comment       0x0000007f       0x80 Src/SEGGER/FreeRTOSV9/SEGGER_SYSVIEW_FreeRTOS.o
 .comment       0x0000007f       0x80 Src/SEGGER/SEGGER_RTT.o
 .comment       0x0000007f       0x80 Src/SEGGER/SEGGER_SYSVIEW.o
 .comment       0x0000007f       0x80 Src/main.o
 .comment       0x0000007f       0x80 Src/stm32l4xx_hal_msp.o
 .comment       0x0000007f       0x80 Src/stm32l4xx_hal_timebase_TIM.o
 .comment       0x0000007f       0x80 Src/stm32l4xx_it.o
 .comment       0x0000007f       0x80 Src/system_stm32l4xx.o

.debug_frame    0x00000000     0x4e7c
 .debug_frame   0x00000000      0x42c Drivers/STM32L4xx_HAL_Driver/Src/stm32l4xx_hal.o
 .debug_frame   0x0000042c      0x450 Drivers/STM32L4xx_HAL_Driver/Src/stm32l4xx_hal_cortex.o
 .debug_frame   0x0000087c      0x14c Drivers/STM32L4xx_HAL_Driver/Src/stm32l4xx_hal_gpio.o
 .debug_frame   0x000009c8      0x524 Drivers/STM32L4xx_HAL_Driver/Src/stm32l4xx_hal_pwr_ex.o
 .debug_frame   0x00000eec      0x1f4 Drivers/STM32L4xx_HAL_Driver/Src/stm32l4xx_hal_rcc.o
 .debug_frame   0x000010e0     0x100c Drivers/STM32L4xx_HAL_Driver/Src/stm32l4xx_hal_tim.o
 .debug_frame   0x000020ec      0x5c4 Drivers/STM32L4xx_HAL_Driver/Src/stm32l4xx_hal_tim_ex.o
 .debug_frame   0x000026b0      0x808 Middlewares/Third_Party/FreeRTOS/Source/CMSIS_RTOS/cmsis_os.o
 .debug_frame   0x00002eb8       0xd8 Middlewares/Third_Party/FreeRTOS/Source/list.o
 .debug_frame   0x00002f90      0x7c4 Middlewares/Third_Party/FreeRTOS/Source/tasks.o
 .debug_frame   0x00003754      0x19c Middlewares/Third_Party/FreeRTOS/Source/portable/GCC/ARM_CM4F/port.o
 .debug_frame   0x000038f0      0x108 Middlewares/Third_Party/FreeRTOS/Source/portable/MemMang/heap_4.o
 .debug_frame   0x000039f8       0x48 Src/SEGGER/FreeRTOSV9/Config/SEGGER_SYSVIEW_Config_FreeRTOS.o
 .debug_frame   0x00003a40      0x150 Src/SEGGER/FreeRTOSV9/SEGGER_SYSVIEW_FreeRTOS.o
 .debug_frame   0x00003b90      0x450 Src/SEGGER/SEGGER_RTT.o
 .debug_frame   0x00003fe0      0xb44 Src/SEGGER/SEGGER_SYSVIEW.o
 .debug_frame   0x00004b24       0xfc Src/main.o
 .debug_frame   0x00004c20       0x34 Src/stm32l4xx_hal_msp.o
 .debug_frame   0x00004c54       0x74 Src/stm32l4xx_hal_timebase_TIM.o
 .debug_frame   0x00004cc8       0xe8 Src/stm32l4xx_it.o
 .debug_frame   0x00004db0       0x58 Src/system_stm32l4xx.o
 .debug_frame   0x00004e08       0x2c c:/ac6/systemworkbench/plugins/fr.ac6.mcu.externaltools.arm-none.win32_1.15.0.201708311556/tools/compiler/bin/../lib/gcc/arm-none-eabi/6.3.1/../../../../arm-none-eabi/lib/thumb/v7e-m/fpv4-sp/hard\libc_nano.a(lib_a-init.o)
 .debug_frame   0x00004e34       0x28 c:/ac6/systemworkbench/plugins/fr.ac6.mcu.externaltools.arm-none.win32_1.15.0.201708311556/tools/compiler/bin/../lib/gcc/arm-none-eabi/6.3.1/../../../../arm-none-eabi/lib/thumb/v7e-m/fpv4-sp/hard\libc_nano.a(lib_a-memcpy-stub.o)
 .debug_frame   0x00004e5c       0x20 c:/ac6/systemworkbench/plugins/fr.ac6.mcu.externaltools.arm-none.win32_1.15.0.201708311556/tools/compiler/bin/../lib/gcc/arm-none-eabi/6.3.1/../../../../arm-none-eabi/lib/thumb/v7e-m/fpv4-sp/hard\libc_nano.a(lib_a-memset.o)
